/home/uceedv1/thesis/ns3ai-venv/lib64/python3.9/site-packages/networkx/utils/backends.py:135: RuntimeWarning: networkx backend defined more than once: nx-loopback
  backends.update(_get_backends("networkx.backends"))
[GraphSeqRoutingEnv] 17 topologies: atlanta_sndlib(15n/44a), cost266_sndlib(37n/114a), dfn-bwin_sndlib(10n/90a), dfn-gwin_sndlib(11n/94a), di-yuan_sndlib(11n/84a), france_sndlib(25n/90a), india35_sndlib(35n/160a), janos-us_sndlib(26n/84a), newyork_sndlib(16n/98a), nobel-eu_sndlib(28n/82a), nobel-germany_sndlib(17n/52a), nobel-us_sndlib(14n/42a), norway_sndlib(27n/102a), pdh_sndlib(11n/68a), polska_sndlib(12n/36a), ta1_sndlib(24n/102a), zib54_sndlib(54n/160a); k=3; metric=weighted
[GraphSeqRoutingEnv] 17 topologies: atlanta_sndlib(15n/44a), cost266_sndlib(37n/114a), dfn-bwin_sndlib(10n/90a), dfn-gwin_sndlib(11n/94a), di-yuan_sndlib(11n/84a), france_sndlib(25n/90a), india35_sndlib(35n/160a), janos-us_sndlib(26n/84a), newyork_sndlib(16n/98a), nobel-eu_sndlib(28n/82a), nobel-germany_sndlib(17n/52a), nobel-us_sndlib(14n/42a), norway_sndlib(27n/102a), pdh_sndlib(11n/68a), polska_sndlib(12n/36a), ta1_sndlib(24n/102a), zib54_sndlib(54n/160a); k=3; metric=weighted
[GraphSeqRoutingEnv] 17 topologies: atlanta_sndlib(15n/44a), cost266_sndlib(37n/114a), dfn-bwin_sndlib(10n/90a), dfn-gwin_sndlib(11n/94a), di-yuan_sndlib(11n/84a), france_sndlib(25n/90a), india35_sndlib(35n/160a), janos-us_sndlib(26n/84a), newyork_sndlib(16n/98a), nobel-eu_sndlib(28n/82a), nobel-germany_sndlib(17n/52a), nobel-us_sndlib(14n/42a), norway_sndlib(27n/102a), pdh_sndlib(11n/68a), polska_sndlib(12n/36a), ta1_sndlib(24n/102a), zib54_sndlib(54n/160a); k=3; metric=weighted
[GraphSeqRoutingEnv] 17 topologies: atlanta_sndlib(15n/44a), cost266_sndlib(37n/114a), dfn-bwin_sndlib(10n/90a), dfn-gwin_sndlib(11n/94a), di-yuan_sndlib(11n/84a), france_sndlib(25n/90a), india35_sndlib(35n/160a), janos-us_sndlib(26n/84a), newyork_sndlib(16n/98a), nobel-eu_sndlib(28n/82a), nobel-germany_sndlib(17n/52a), nobel-us_sndlib(14n/42a), norway_sndlib(27n/102a), pdh_sndlib(11n/68a), polska_sndlib(12n/36a), ta1_sndlib(24n/102a), zib54_sndlib(54n/160a); k=3; metric=weighted
[GraphSeqRoutingEnv] 17 topologies: atlanta_sndlib(15n/44a), cost266_sndlib(37n/114a), dfn-bwin_sndlib(10n/90a), dfn-gwin_sndlib(11n/94a), di-yuan_sndlib(11n/84a), france_sndlib(25n/90a), india35_sndlib(35n/160a), janos-us_sndlib(26n/84a), newyork_sndlib(16n/98a), nobel-eu_sndlib(28n/82a), nobel-germany_sndlib(17n/52a), nobel-us_sndlib(14n/42a), norway_sndlib(27n/102a), pdh_sndlib(11n/68a), polska_sndlib(12n/36a), ta1_sndlib(24n/102a), zib54_sndlib(54n/160a); k=3; metric=weighted
[GraphSeqRoutingEnv] 17 topologies: atlanta_sndlib(15n/44a), cost266_sndlib(37n/114a), dfn-bwin_sndlib(10n/90a), dfn-gwin_sndlib(11n/94a), di-yuan_sndlib(11n/84a), france_sndlib(25n/90a), india35_sndlib(35n/160a), janos-us_sndlib(26n/84a), newyork_sndlib(16n/98a), nobel-eu_sndlib(28n/82a), nobel-germany_sndlib(17n/52a), nobel-us_sndlib(14n/42a), norway_sndlib(27n/102a), pdh_sndlib(11n/68a), polska_sndlib(12n/36a), ta1_sndlib(24n/102a), zib54_sndlib(54n/160a); k=3; metric=weighted
[GraphSeqRoutingEnv] 17 topologies: atlanta_sndlib(15n/44a), cost266_sndlib(37n/114a), dfn-bwin_sndlib(10n/90a), dfn-gwin_sndlib(11n/94a), di-yuan_sndlib(11n/84a), france_sndlib(25n/90a), india35_sndlib(35n/160a), janos-us_sndlib(26n/84a), newyork_sndlib(16n/98a), nobel-eu_sndlib(28n/82a), nobel-germany_sndlib(17n/52a), nobel-us_sndlib(14n/42a), norway_sndlib(27n/102a), pdh_sndlib(11n/68a), polska_sndlib(12n/36a), ta1_sndlib(24n/102a), zib54_sndlib(54n/160a); k=3; metric=weighted
[GraphSeqRoutingEnv] 17 topologies: atlanta_sndlib(15n/44a), cost266_sndlib(37n/114a), dfn-bwin_sndlib(10n/90a), dfn-gwin_sndlib(11n/94a), di-yuan_sndlib(11n/84a), france_sndlib(25n/90a), india35_sndlib(35n/160a), janos-us_sndlib(26n/84a), newyork_sndlib(16n/98a), nobel-eu_sndlib(28n/82a), nobel-germany_sndlib(17n/52a), nobel-us_sndlib(14n/42a), norway_sndlib(27n/102a), pdh_sndlib(11n/68a), polska_sndlib(12n/36a), ta1_sndlib(24n/102a), zib54_sndlib(54n/160a); k=3; metric=weighted
[single] train 17 SNDlib (tmgen); zero-shot ['abilene_sndlib', 'geant_sndlib', 'germany50_sndlib']; seed=6 buffer=2048 -> 732 updates
[TopoAgnosticGNNExtractor] k=3, hidden=64, rounds=3, out=64 (topology-agnostic)
[progress] 25000/1500000 (  1.7%) elapsed 7.5min eta 445.0min
[progress] 50000/1500000 (  3.3%) elapsed 14.9min eta 433.1min
[progress] 75000/1500000 (  5.0%) elapsed 22.0min eta 418.4min
[progress] 100000/1500000 (  6.7%) elapsed 29.0min eta 405.7min
[progress] 125000/1500000 (  8.3%) elapsed 36.5min eta 401.0min
[progress] 150000/1500000 ( 10.0%) elapsed 43.5min eta 391.3min
[progress] 175000/1500000 ( 11.7%) elapsed 50.4min eta 382.0min
[progress] 200000/1500000 ( 13.3%) elapsed 57.0min eta 370.2min
[progress] 225000/1500000 ( 15.0%) elapsed 63.4min eta 359.0min
[progress] 250000/1500000 ( 16.7%) elapsed 70.3min eta 351.5min
[progress] 275000/1500000 ( 18.3%) elapsed 76.7min eta 341.7min
[progress] 300000/1500000 ( 20.0%) elapsed 83.1min eta 332.4min
[progress] 325000/1500000 ( 21.7%) elapsed 89.5min eta 323.6min
[progress] 350000/1500000 ( 23.3%) elapsed 95.9min eta 315.2min
[progress] 375000/1500000 ( 25.0%) elapsed 102.9min eta 308.7min
[progress] 400000/1500000 ( 26.7%) elapsed 109.5min eta 301.1min
[progress] 425000/1500000 ( 28.3%) elapsed 115.9min eta 293.2min
[progress] 450000/1500000 ( 30.0%) elapsed 122.3min eta 285.5min
[progress] 475000/1500000 ( 31.7%) elapsed 128.8min eta 277.9min
[progress] 500000/1500000 ( 33.3%) elapsed 135.7min eta 271.4min
[progress] 525000/1500000 ( 35.0%) elapsed 142.1min eta 263.8min
[progress] 550000/1500000 ( 36.7%) elapsed 148.5min eta 256.5min
[progress] 575000/1500000 ( 38.3%) elapsed 154.9min eta 249.2min
[progress] 600000/1500000 ( 40.0%) elapsed 161.3min eta 242.0min
[progress] 625000/1500000 ( 41.7%) elapsed 168.3min eta 235.6min
[progress] 650000/1500000 ( 43.3%) elapsed 174.7min eta 228.5min
[progress] 675000/1500000 ( 45.0%) elapsed 181.2min eta 221.5min
[progress] 700000/1500000 ( 46.7%) elapsed 187.7min eta 214.5min
[progress] 725000/1500000 ( 48.3%) elapsed 194.6min eta 208.1min
[progress] 750000/1500000 ( 50.0%) elapsed 201.1min eta 201.1min
[progress] 775000/1500000 ( 51.7%) elapsed 207.5min eta 194.1min
[progress] 800000/1500000 ( 53.3%) elapsed 214.0min eta 187.2min
[progress] 825000/1500000 ( 55.0%) elapsed 220.4min eta 180.3min
[progress] 850000/1500000 ( 56.7%) elapsed 227.3min eta 173.8min
[progress] 875000/1500000 ( 58.3%) elapsed 233.7min eta 166.9min
[progress] 900000/1500000 ( 60.0%) elapsed 240.1min eta 160.1min
[progress] 925000/1500000 ( 61.7%) elapsed 246.5min eta 153.2min
[progress] 950000/1500000 ( 63.3%) elapsed 252.9min eta 146.4min
[progress] 975000/1500000 ( 65.0%) elapsed 259.9min eta 139.9min
[progress] 1000000/1500000 ( 66.7%) elapsed 266.3min eta 133.1min
[progress] 1025000/1500000 ( 68.3%) elapsed 272.7min eta 126.4min
[progress] 1050000/1500000 ( 70.0%) elapsed 279.1min eta 119.6min
[progress] 1075000/1500000 ( 71.7%) elapsed 285.5min eta 112.9min
[progress] 1100000/1500000 ( 73.3%) elapsed 292.4min eta 106.3min
[progress] 1125000/1500000 ( 75.0%) elapsed 298.8min eta 99.6min
[progress] 1150000/1500000 ( 76.7%) elapsed 305.1min eta 92.9min
[progress] 1175000/1500000 ( 78.3%) elapsed 311.6min eta 86.2min
[progress] 1200000/1500000 ( 80.0%) elapsed 318.0min eta 79.5min
[progress] 1225000/1500000 ( 81.7%) elapsed 324.9min eta 72.9min
[progress] 1250000/1500000 ( 83.3%) elapsed 331.3min eta 66.3min
[progress] 1275000/1500000 ( 85.0%) elapsed 337.7min eta 59.6min
[progress] 1300000/1500000 ( 86.7%) elapsed 344.1min eta 52.9min
[progress] 1325000/1500000 ( 88.3%) elapsed 350.5min eta 46.3min
[progress] 1350000/1500000 ( 90.0%) elapsed 357.5min eta 39.7min
[progress] 1375000/1500000 ( 91.7%) elapsed 363.9min eta 33.1min
[progress] 1400000/1500000 ( 93.3%) elapsed 370.2min eta 26.4min
[progress] 1425000/1500000 ( 95.0%) elapsed 376.7min eta 19.8min
[progress] 1450000/1500000 ( 96.7%) elapsed 383.6min eta 13.2min
[progress] 1475000/1500000 ( 98.3%) elapsed 389.9min eta 6.6min
[progress] 1500000/1500000 (100.0%) elapsed 396.3min eta 0.0min
[saved] results/single_singleH64gRM_seed6/policy.zip

[eval] ZERO-SHOT on core backbones (real measured):
[GraphSeqRoutingEnv] 1 topologies: abilene_sndlib(12n/30a); k=3; metric=weighted
[abilene_sndlib]
  [feasible] OSPF   57.2% ECMP   57.4% SINGLE   60.6%  vs-OSPF -3.3 vs-ECMP -3.2 (n=18)
[GraphSeqRoutingEnv] 1 topologies: geant_sndlib(22n/72a); k=3; metric=weighted
[geant_sndlib]
  [overload] OSPF  145.5% ECMP  106.3% SINGLE  118.8%  vs-OSPF +26.7 vs-ECMP -12.6 (n=8)
  [feasible] OSPF   71.2% ECMP   54.2% SINGLE   57.7%  vs-OSPF +13.5 vs-ECMP -3.5 (n=10)
[GraphSeqRoutingEnv] 1 topologies: germany50_sndlib(50n/176a); k=3; metric=weighted
[germany50_sndlib]
  [overload] OSPF  252.1% ECMP  183.8% SINGLE  201.0%  vs-OSPF +51.1 vs-ECMP -17.2 (n=18)

[saved] results/single_singleH64gRM_seed6/summary.json
