/home/uceedv1/thesis/ns3ai-venv/lib64/python3.9/site-packages/networkx/utils/backends.py:135: RuntimeWarning: networkx backend defined more than once: nx-loopback
  backends.update(_get_backends("networkx.backends"))
[GraphSeqRoutingEnv] 17 topologies: atlanta_sndlib(15n/44a), cost266_sndlib(37n/114a), dfn-bwin_sndlib(10n/90a), dfn-gwin_sndlib(11n/94a), di-yuan_sndlib(11n/84a), france_sndlib(25n/90a), india35_sndlib(35n/160a), janos-us_sndlib(26n/84a), newyork_sndlib(16n/98a), nobel-eu_sndlib(28n/82a), nobel-germany_sndlib(17n/52a), nobel-us_sndlib(14n/42a), norway_sndlib(27n/102a), pdh_sndlib(11n/68a), polska_sndlib(12n/36a), ta1_sndlib(24n/102a), zib54_sndlib(54n/160a); k=3; metric=weighted
[GraphSeqRoutingEnv] 17 topologies: atlanta_sndlib(15n/44a), cost266_sndlib(37n/114a), dfn-bwin_sndlib(10n/90a), dfn-gwin_sndlib(11n/94a), di-yuan_sndlib(11n/84a), france_sndlib(25n/90a), india35_sndlib(35n/160a), janos-us_sndlib(26n/84a), newyork_sndlib(16n/98a), nobel-eu_sndlib(28n/82a), nobel-germany_sndlib(17n/52a), nobel-us_sndlib(14n/42a), norway_sndlib(27n/102a), pdh_sndlib(11n/68a), polska_sndlib(12n/36a), ta1_sndlib(24n/102a), zib54_sndlib(54n/160a); k=3; metric=weighted
[GraphSeqRoutingEnv] 17 topologies: atlanta_sndlib(15n/44a), cost266_sndlib(37n/114a), dfn-bwin_sndlib(10n/90a), dfn-gwin_sndlib(11n/94a), di-yuan_sndlib(11n/84a), france_sndlib(25n/90a), india35_sndlib(35n/160a), janos-us_sndlib(26n/84a), newyork_sndlib(16n/98a), nobel-eu_sndlib(28n/82a), nobel-germany_sndlib(17n/52a), nobel-us_sndlib(14n/42a), norway_sndlib(27n/102a), pdh_sndlib(11n/68a), polska_sndlib(12n/36a), ta1_sndlib(24n/102a), zib54_sndlib(54n/160a); k=3; metric=weighted
[GraphSeqRoutingEnv] 17 topologies: atlanta_sndlib(15n/44a), cost266_sndlib(37n/114a), dfn-bwin_sndlib(10n/90a), dfn-gwin_sndlib(11n/94a), di-yuan_sndlib(11n/84a), france_sndlib(25n/90a), india35_sndlib(35n/160a), janos-us_sndlib(26n/84a), newyork_sndlib(16n/98a), nobel-eu_sndlib(28n/82a), nobel-germany_sndlib(17n/52a), nobel-us_sndlib(14n/42a), norway_sndlib(27n/102a), pdh_sndlib(11n/68a), polska_sndlib(12n/36a), ta1_sndlib(24n/102a), zib54_sndlib(54n/160a); k=3; metric=weighted
[GraphSeqRoutingEnv] 17 topologies: atlanta_sndlib(15n/44a), cost266_sndlib(37n/114a), dfn-bwin_sndlib(10n/90a), dfn-gwin_sndlib(11n/94a), di-yuan_sndlib(11n/84a), france_sndlib(25n/90a), india35_sndlib(35n/160a), janos-us_sndlib(26n/84a), newyork_sndlib(16n/98a), nobel-eu_sndlib(28n/82a), nobel-germany_sndlib(17n/52a), nobel-us_sndlib(14n/42a), norway_sndlib(27n/102a), pdh_sndlib(11n/68a), polska_sndlib(12n/36a), ta1_sndlib(24n/102a), zib54_sndlib(54n/160a); k=3; metric=weighted
[GraphSeqRoutingEnv] 17 topologies: atlanta_sndlib(15n/44a), cost266_sndlib(37n/114a), dfn-bwin_sndlib(10n/90a), dfn-gwin_sndlib(11n/94a), di-yuan_sndlib(11n/84a), france_sndlib(25n/90a), india35_sndlib(35n/160a), janos-us_sndlib(26n/84a), newyork_sndlib(16n/98a), nobel-eu_sndlib(28n/82a), nobel-germany_sndlib(17n/52a), nobel-us_sndlib(14n/42a), norway_sndlib(27n/102a), pdh_sndlib(11n/68a), polska_sndlib(12n/36a), ta1_sndlib(24n/102a), zib54_sndlib(54n/160a); k=3; metric=weighted
[GraphSeqRoutingEnv] 17 topologies: atlanta_sndlib(15n/44a), cost266_sndlib(37n/114a), dfn-bwin_sndlib(10n/90a), dfn-gwin_sndlib(11n/94a), di-yuan_sndlib(11n/84a), france_sndlib(25n/90a), india35_sndlib(35n/160a), janos-us_sndlib(26n/84a), newyork_sndlib(16n/98a), nobel-eu_sndlib(28n/82a), nobel-germany_sndlib(17n/52a), nobel-us_sndlib(14n/42a), norway_sndlib(27n/102a), pdh_sndlib(11n/68a), polska_sndlib(12n/36a), ta1_sndlib(24n/102a), zib54_sndlib(54n/160a); k=3; metric=weighted
[GraphSeqRoutingEnv] 17 topologies: atlanta_sndlib(15n/44a), cost266_sndlib(37n/114a), dfn-bwin_sndlib(10n/90a), dfn-gwin_sndlib(11n/94a), di-yuan_sndlib(11n/84a), france_sndlib(25n/90a), india35_sndlib(35n/160a), janos-us_sndlib(26n/84a), newyork_sndlib(16n/98a), nobel-eu_sndlib(28n/82a), nobel-germany_sndlib(17n/52a), nobel-us_sndlib(14n/42a), norway_sndlib(27n/102a), pdh_sndlib(11n/68a), polska_sndlib(12n/36a), ta1_sndlib(24n/102a), zib54_sndlib(54n/160a); k=3; metric=weighted
[single] train 17 SNDlib (tmgen); zero-shot ['abilene_sndlib', 'geant_sndlib', 'germany50_sndlib']; seed=7 buffer=2048 -> 732 updates
[TopoAgnosticGNNExtractor] k=3, hidden=64, rounds=3, out=64 (topology-agnostic)
[progress] 25000/1500000 (  1.7%) elapsed 7.6min eta 449.7min
[progress] 50000/1500000 (  3.3%) elapsed 14.8min eta 430.2min
[progress] 75000/1500000 (  5.0%) elapsed 22.1min eta 419.5min
[progress] 100000/1500000 (  6.7%) elapsed 29.3min eta 409.7min
[progress] 125000/1500000 (  8.3%) elapsed 37.0min eta 407.2min
[progress] 150000/1500000 ( 10.0%) elapsed 44.3min eta 398.7min
[progress] 175000/1500000 ( 11.7%) elapsed 51.5min eta 389.8min
[progress] 200000/1500000 ( 13.3%) elapsed 57.6min eta 374.6min
[progress] 225000/1500000 ( 15.0%) elapsed 63.9min eta 361.9min
[progress] 250000/1500000 ( 16.7%) elapsed 70.6min eta 353.0min
[progress] 275000/1500000 ( 18.3%) elapsed 76.8min eta 342.1min
[progress] 300000/1500000 ( 20.0%) elapsed 82.9min eta 331.5min
[progress] 325000/1500000 ( 21.7%) elapsed 89.0min eta 321.6min
[progress] 350000/1500000 ( 23.3%) elapsed 95.0min eta 312.3min
[progress] 375000/1500000 ( 25.0%) elapsed 101.7min eta 305.0min
[progress] 400000/1500000 ( 26.7%) elapsed 107.9min eta 296.6min
[progress] 425000/1500000 ( 28.3%) elapsed 114.0min eta 288.2min
[progress] 450000/1500000 ( 30.0%) elapsed 120.0min eta 280.1min
[progress] 475000/1500000 ( 31.7%) elapsed 126.1min eta 272.2min
[progress] 500000/1500000 ( 33.3%) elapsed 132.7min eta 265.4min
[progress] 525000/1500000 ( 35.0%) elapsed 138.8min eta 257.7min
[progress] 550000/1500000 ( 36.7%) elapsed 144.8min eta 250.1min
[progress] 575000/1500000 ( 38.3%) elapsed 150.8min eta 242.7min
[progress] 600000/1500000 ( 40.0%) elapsed 156.9min eta 235.4min
[progress] 625000/1500000 ( 41.7%) elapsed 163.5min eta 228.8min
[progress] 650000/1500000 ( 43.3%) elapsed 169.5min eta 221.7min
[progress] 675000/1500000 ( 45.0%) elapsed 175.6min eta 214.6min
[progress] 700000/1500000 ( 46.7%) elapsed 181.7min eta 207.6min
[progress] 725000/1500000 ( 48.3%) elapsed 188.2min eta 201.2min
[progress] 750000/1500000 ( 50.0%) elapsed 194.3min eta 194.3min
[progress] 775000/1500000 ( 51.7%) elapsed 200.3min eta 187.4min
[progress] 800000/1500000 ( 53.3%) elapsed 206.3min eta 180.5min
[progress] 825000/1500000 ( 55.0%) elapsed 212.4min eta 173.8min
[progress] 850000/1500000 ( 56.7%) elapsed 218.9min eta 167.4min
[progress] 875000/1500000 ( 58.3%) elapsed 224.9min eta 160.7min
[progress] 900000/1500000 ( 60.0%) elapsed 231.0min eta 154.0min
[progress] 925000/1500000 ( 61.7%) elapsed 237.0min eta 147.3min
[progress] 950000/1500000 ( 63.3%) elapsed 243.0min eta 140.7min
[progress] 975000/1500000 ( 65.0%) elapsed 249.6min eta 134.4min
[progress] 1000000/1500000 ( 66.7%) elapsed 255.6min eta 127.8min
[progress] 1025000/1500000 ( 68.3%) elapsed 261.6min eta 121.2min
[progress] 1050000/1500000 ( 70.0%) elapsed 267.7min eta 114.7min
[progress] 1075000/1500000 ( 71.7%) elapsed 273.7min eta 108.2min
[progress] 1100000/1500000 ( 73.3%) elapsed 280.3min eta 101.9min
[progress] 1125000/1500000 ( 75.0%) elapsed 286.3min eta 95.4min
[progress] 1150000/1500000 ( 76.7%) elapsed 292.4min eta 89.0min
[progress] 1175000/1500000 ( 78.3%) elapsed 298.5min eta 82.6min
[progress] 1200000/1500000 ( 80.0%) elapsed 304.5min eta 76.1min
[progress] 1225000/1500000 ( 81.7%) elapsed 311.1min eta 69.8min
[progress] 1250000/1500000 ( 83.3%) elapsed 317.1min eta 63.4min
[progress] 1275000/1500000 ( 85.0%) elapsed 323.2min eta 57.0min
[progress] 1300000/1500000 ( 86.7%) elapsed 329.2min eta 50.6min
[progress] 1325000/1500000 ( 88.3%) elapsed 335.2min eta 44.3min
[progress] 1350000/1500000 ( 90.0%) elapsed 341.8min eta 38.0min
[progress] 1375000/1500000 ( 91.7%) elapsed 347.8min eta 31.6min
[progress] 1400000/1500000 ( 93.3%) elapsed 353.9min eta 25.3min
[progress] 1425000/1500000 ( 95.0%) elapsed 359.9min eta 18.9min
[progress] 1450000/1500000 ( 96.7%) elapsed 366.4min eta 12.6min
[progress] 1475000/1500000 ( 98.3%) elapsed 372.5min eta 6.3min
[progress] 1500000/1500000 (100.0%) elapsed 378.5min eta 0.0min
[saved] results/single_singleH64gRM_seed7/policy.zip

[eval] ZERO-SHOT on core backbones (real measured):
[GraphSeqRoutingEnv] 1 topologies: abilene_sndlib(12n/30a); k=3; metric=weighted
[abilene_sndlib]
  [feasible] OSPF   57.2% ECMP   57.4% SINGLE   56.4%  vs-OSPF +0.8 vs-ECMP +0.9 (n=18)
[GraphSeqRoutingEnv] 1 topologies: geant_sndlib(22n/72a); k=3; metric=weighted
[geant_sndlib]
  [overload] OSPF  145.5% ECMP  106.3% SINGLE  192.9%  vs-OSPF -47.3 vs-ECMP -86.6 (n=8)
  [feasible] OSPF   71.2% ECMP   54.2% SINGLE  100.4%  vs-OSPF -29.2 vs-ECMP -46.2 (n=10)
[GraphSeqRoutingEnv] 1 topologies: germany50_sndlib(50n/176a); k=3; metric=weighted
[germany50_sndlib]
  [overload] OSPF  252.1% ECMP  183.8% SINGLE  155.8%  vs-OSPF +96.3 vs-ECMP +28.0 (n=18)

[saved] results/single_singleH64gRM_seed7/summary.json
