/home/uceedv1/thesis/ns3ai-venv/lib64/python3.9/site-packages/networkx/utils/backends.py:135: RuntimeWarning: networkx backend defined more than once: nx-loopback
  backends.update(_get_backends("networkx.backends"))
[GraphSeqRoutingEnv] 17 topologies: atlanta_sndlib(15n/44a), cost266_sndlib(37n/114a), dfn-bwin_sndlib(10n/90a), dfn-gwin_sndlib(11n/94a), di-yuan_sndlib(11n/84a), france_sndlib(25n/90a), india35_sndlib(35n/160a), janos-us_sndlib(26n/84a), newyork_sndlib(16n/98a), nobel-eu_sndlib(28n/82a), nobel-germany_sndlib(17n/52a), nobel-us_sndlib(14n/42a), norway_sndlib(27n/102a), pdh_sndlib(11n/68a), polska_sndlib(12n/36a), ta1_sndlib(24n/102a), zib54_sndlib(54n/160a); k=3; metric=weighted
[GraphSeqRoutingEnv] 17 topologies: atlanta_sndlib(15n/44a), cost266_sndlib(37n/114a), dfn-bwin_sndlib(10n/90a), dfn-gwin_sndlib(11n/94a), di-yuan_sndlib(11n/84a), france_sndlib(25n/90a), india35_sndlib(35n/160a), janos-us_sndlib(26n/84a), newyork_sndlib(16n/98a), nobel-eu_sndlib(28n/82a), nobel-germany_sndlib(17n/52a), nobel-us_sndlib(14n/42a), norway_sndlib(27n/102a), pdh_sndlib(11n/68a), polska_sndlib(12n/36a), ta1_sndlib(24n/102a), zib54_sndlib(54n/160a); k=3; metric=weighted
[GraphSeqRoutingEnv] 17 topologies: atlanta_sndlib(15n/44a), cost266_sndlib(37n/114a), dfn-bwin_sndlib(10n/90a), dfn-gwin_sndlib(11n/94a), di-yuan_sndlib(11n/84a), france_sndlib(25n/90a), india35_sndlib(35n/160a), janos-us_sndlib(26n/84a), newyork_sndlib(16n/98a), nobel-eu_sndlib(28n/82a), nobel-germany_sndlib(17n/52a), nobel-us_sndlib(14n/42a), norway_sndlib(27n/102a), pdh_sndlib(11n/68a), polska_sndlib(12n/36a), ta1_sndlib(24n/102a), zib54_sndlib(54n/160a); k=3; metric=weighted
[GraphSeqRoutingEnv] 17 topologies: atlanta_sndlib(15n/44a), cost266_sndlib(37n/114a), dfn-bwin_sndlib(10n/90a), dfn-gwin_sndlib(11n/94a), di-yuan_sndlib(11n/84a), france_sndlib(25n/90a), india35_sndlib(35n/160a), janos-us_sndlib(26n/84a), newyork_sndlib(16n/98a), nobel-eu_sndlib(28n/82a), nobel-germany_sndlib(17n/52a), nobel-us_sndlib(14n/42a), norway_sndlib(27n/102a), pdh_sndlib(11n/68a), polska_sndlib(12n/36a), ta1_sndlib(24n/102a), zib54_sndlib(54n/160a); k=3; metric=weighted
[GraphSeqRoutingEnv] 17 topologies: atlanta_sndlib(15n/44a), cost266_sndlib(37n/114a), dfn-bwin_sndlib(10n/90a), dfn-gwin_sndlib(11n/94a), di-yuan_sndlib(11n/84a), france_sndlib(25n/90a), india35_sndlib(35n/160a), janos-us_sndlib(26n/84a), newyork_sndlib(16n/98a), nobel-eu_sndlib(28n/82a), nobel-germany_sndlib(17n/52a), nobel-us_sndlib(14n/42a), norway_sndlib(27n/102a), pdh_sndlib(11n/68a), polska_sndlib(12n/36a), ta1_sndlib(24n/102a), zib54_sndlib(54n/160a); k=3; metric=weighted
[GraphSeqRoutingEnv] 17 topologies: atlanta_sndlib(15n/44a), cost266_sndlib(37n/114a), dfn-bwin_sndlib(10n/90a), dfn-gwin_sndlib(11n/94a), di-yuan_sndlib(11n/84a), france_sndlib(25n/90a), india35_sndlib(35n/160a), janos-us_sndlib(26n/84a), newyork_sndlib(16n/98a), nobel-eu_sndlib(28n/82a), nobel-germany_sndlib(17n/52a), nobel-us_sndlib(14n/42a), norway_sndlib(27n/102a), pdh_sndlib(11n/68a), polska_sndlib(12n/36a), ta1_sndlib(24n/102a), zib54_sndlib(54n/160a); k=3; metric=weighted
[GraphSeqRoutingEnv] 17 topologies: atlanta_sndlib(15n/44a), cost266_sndlib(37n/114a), dfn-bwin_sndlib(10n/90a), dfn-gwin_sndlib(11n/94a), di-yuan_sndlib(11n/84a), france_sndlib(25n/90a), india35_sndlib(35n/160a), janos-us_sndlib(26n/84a), newyork_sndlib(16n/98a), nobel-eu_sndlib(28n/82a), nobel-germany_sndlib(17n/52a), nobel-us_sndlib(14n/42a), norway_sndlib(27n/102a), pdh_sndlib(11n/68a), polska_sndlib(12n/36a), ta1_sndlib(24n/102a), zib54_sndlib(54n/160a); k=3; metric=weighted
[GraphSeqRoutingEnv] 17 topologies: atlanta_sndlib(15n/44a), cost266_sndlib(37n/114a), dfn-bwin_sndlib(10n/90a), dfn-gwin_sndlib(11n/94a), di-yuan_sndlib(11n/84a), france_sndlib(25n/90a), india35_sndlib(35n/160a), janos-us_sndlib(26n/84a), newyork_sndlib(16n/98a), nobel-eu_sndlib(28n/82a), nobel-germany_sndlib(17n/52a), nobel-us_sndlib(14n/42a), norway_sndlib(27n/102a), pdh_sndlib(11n/68a), polska_sndlib(12n/36a), ta1_sndlib(24n/102a), zib54_sndlib(54n/160a); k=3; metric=weighted
[single] train 17 SNDlib (tmgen); zero-shot ['abilene_sndlib', 'geant_sndlib', 'germany50_sndlib']; seed=1 buffer=2048 -> 732 updates
[TopoAgnosticGNNExtractor] k=3, hidden=64, rounds=3, out=64 (topology-agnostic)
[progress] 25000/1500000 (  1.7%) elapsed 6.1min eta 360.2min
[progress] 50000/1500000 (  3.3%) elapsed 12.2min eta 353.2min
[progress] 75000/1500000 (  5.0%) elapsed 18.4min eta 349.9min
[progress] 100000/1500000 (  6.7%) elapsed 24.5min eta 343.5min
[progress] 125000/1500000 (  8.3%) elapsed 31.1min eta 342.3min
[progress] 150000/1500000 ( 10.0%) elapsed 37.2min eta 335.0min
[progress] 175000/1500000 ( 11.7%) elapsed 43.3min eta 327.9min
[progress] 200000/1500000 ( 13.3%) elapsed 49.4min eta 321.3min
[progress] 225000/1500000 ( 15.0%) elapsed 55.5min eta 314.7min
[progress] 250000/1500000 ( 16.7%) elapsed 62.1min eta 310.7min
[progress] 275000/1500000 ( 18.3%) elapsed 68.2min eta 303.9min
[progress] 300000/1500000 ( 20.0%) elapsed 74.3min eta 297.3min
[progress] 325000/1500000 ( 21.7%) elapsed 80.4min eta 290.8min
[progress] 350000/1500000 ( 23.3%) elapsed 86.6min eta 284.6min
[progress] 375000/1500000 ( 25.0%) elapsed 93.2min eta 279.6min
[progress] 400000/1500000 ( 26.7%) elapsed 99.3min eta 273.1min
[progress] 425000/1500000 ( 28.3%) elapsed 105.4min eta 266.5min
[progress] 450000/1500000 ( 30.0%) elapsed 111.5min eta 260.1min
[progress] 475000/1500000 ( 31.7%) elapsed 117.6min eta 253.7min
[progress] 500000/1500000 ( 33.3%) elapsed 124.1min eta 248.2min
[progress] 525000/1500000 ( 35.0%) elapsed 130.2min eta 241.8min
[progress] 550000/1500000 ( 36.7%) elapsed 136.3min eta 235.5min
[progress] 575000/1500000 ( 38.3%) elapsed 142.5min eta 229.2min
[progress] 600000/1500000 ( 40.0%) elapsed 148.6min eta 222.9min
[progress] 625000/1500000 ( 41.7%) elapsed 155.2min eta 217.3min
[progress] 650000/1500000 ( 43.3%) elapsed 161.4min eta 211.0min
[progress] 675000/1500000 ( 45.0%) elapsed 167.5min eta 204.8min
[progress] 700000/1500000 ( 46.7%) elapsed 173.7min eta 198.5min
[progress] 725000/1500000 ( 48.3%) elapsed 180.4min eta 192.8min
[progress] 750000/1500000 ( 50.0%) elapsed 186.5min eta 186.5min
[progress] 775000/1500000 ( 51.7%) elapsed 192.7min eta 180.3min
[progress] 800000/1500000 ( 53.3%) elapsed 198.9min eta 174.0min
[progress] 825000/1500000 ( 55.0%) elapsed 205.0min eta 167.7min
[progress] 850000/1500000 ( 56.7%) elapsed 211.7min eta 161.9min
[progress] 875000/1500000 ( 58.3%) elapsed 217.8min eta 155.6min
[progress] 900000/1500000 ( 60.0%) elapsed 223.9min eta 149.3min
[progress] 925000/1500000 ( 61.7%) elapsed 230.1min eta 143.0min
[progress] 950000/1500000 ( 63.3%) elapsed 236.3min eta 136.8min
[progress] 975000/1500000 ( 65.0%) elapsed 242.9min eta 130.8min
[progress] 1000000/1500000 ( 66.7%) elapsed 249.0min eta 124.5min
[progress] 1025000/1500000 ( 68.3%) elapsed 255.2min eta 118.3min
[progress] 1050000/1500000 ( 70.0%) elapsed 261.4min eta 112.0min
[progress] 1075000/1500000 ( 71.7%) elapsed 267.5min eta 105.8min
[progress] 1100000/1500000 ( 73.3%) elapsed 274.2min eta 99.7min
[progress] 1125000/1500000 ( 75.0%) elapsed 280.3min eta 93.4min
[progress] 1150000/1500000 ( 76.7%) elapsed 286.5min eta 87.2min
[progress] 1175000/1500000 ( 78.3%) elapsed 292.6min eta 80.9min
[progress] 1200000/1500000 ( 80.0%) elapsed 298.8min eta 74.7min
[progress] 1225000/1500000 ( 81.7%) elapsed 305.5min eta 68.6min
[progress] 1250000/1500000 ( 83.3%) elapsed 312.0min eta 62.4min
[progress] 1275000/1500000 ( 85.0%) elapsed 319.4min eta 56.4min
[progress] 1300000/1500000 ( 86.7%) elapsed 326.9min eta 50.3min
[progress] 1325000/1500000 ( 88.3%) elapsed 334.4min eta 44.2min
[progress] 1350000/1500000 ( 90.0%) elapsed 342.3min eta 38.0min
[progress] 1375000/1500000 ( 91.7%) elapsed 349.4min eta 31.8min
[progress] 1400000/1500000 ( 93.3%) elapsed 355.5min eta 25.4min
[progress] 1425000/1500000 ( 95.0%) elapsed 361.6min eta 19.0min
[progress] 1450000/1500000 ( 96.7%) elapsed 368.3min eta 12.7min
[progress] 1475000/1500000 ( 98.3%) elapsed 374.4min eta 6.3min
[progress] 1500000/1500000 (100.0%) elapsed 380.6min eta 0.0min
[saved] results/single_singleH64gRM_seed1/policy.zip

[eval] ZERO-SHOT on core backbones (real measured):
[GraphSeqRoutingEnv] 1 topologies: abilene_sndlib(12n/30a); k=3; metric=weighted
[abilene_sndlib]
  [feasible] OSPF   57.2% ECMP   57.4% SINGLE   56.5%  vs-OSPF +0.8 vs-ECMP +0.9 (n=18)
[GraphSeqRoutingEnv] 1 topologies: geant_sndlib(22n/72a); k=3; metric=weighted
[geant_sndlib]
  [overload] OSPF  145.5% ECMP  106.3% SINGLE  119.0%  vs-OSPF +26.6 vs-ECMP -12.7 (n=8)
  [feasible] OSPF   71.2% ECMP   54.2% SINGLE   61.8%  vs-OSPF +9.5 vs-ECMP -7.5 (n=10)
[GraphSeqRoutingEnv] 1 topologies: germany50_sndlib(50n/176a); k=3; metric=weighted
[germany50_sndlib]
  [overload] OSPF  252.1% ECMP  183.8% SINGLE  155.7%  vs-OSPF +96.3 vs-ECMP +28.1 (n=18)

[saved] results/single_singleH64gRM_seed1/summary.json
