/home/uceedv1/thesis/ns3ai-venv/lib64/python3.9/site-packages/networkx/utils/backends.py:135: RuntimeWarning: networkx backend defined more than once: nx-loopback
  backends.update(_get_backends("networkx.backends"))
[GraphSeqRoutingEnv] 17 topologies: atlanta_sndlib(15n/44a), cost266_sndlib(37n/114a), dfn-bwin_sndlib(10n/90a), dfn-gwin_sndlib(11n/94a), di-yuan_sndlib(11n/84a), france_sndlib(25n/90a), india35_sndlib(35n/160a), janos-us_sndlib(26n/84a), newyork_sndlib(16n/98a), nobel-eu_sndlib(28n/82a), nobel-germany_sndlib(17n/52a), nobel-us_sndlib(14n/42a), norway_sndlib(27n/102a), pdh_sndlib(11n/68a), polska_sndlib(12n/36a), ta1_sndlib(24n/102a), zib54_sndlib(54n/160a); k=3; metric=weighted
[GraphSeqRoutingEnv] 17 topologies: atlanta_sndlib(15n/44a), cost266_sndlib(37n/114a), dfn-bwin_sndlib(10n/90a), dfn-gwin_sndlib(11n/94a), di-yuan_sndlib(11n/84a), france_sndlib(25n/90a), india35_sndlib(35n/160a), janos-us_sndlib(26n/84a), newyork_sndlib(16n/98a), nobel-eu_sndlib(28n/82a), nobel-germany_sndlib(17n/52a), nobel-us_sndlib(14n/42a), norway_sndlib(27n/102a), pdh_sndlib(11n/68a), polska_sndlib(12n/36a), ta1_sndlib(24n/102a), zib54_sndlib(54n/160a); k=3; metric=weighted
[GraphSeqRoutingEnv] 17 topologies: atlanta_sndlib(15n/44a), cost266_sndlib(37n/114a), dfn-bwin_sndlib(10n/90a), dfn-gwin_sndlib(11n/94a), di-yuan_sndlib(11n/84a), france_sndlib(25n/90a), india35_sndlib(35n/160a), janos-us_sndlib(26n/84a), newyork_sndlib(16n/98a), nobel-eu_sndlib(28n/82a), nobel-germany_sndlib(17n/52a), nobel-us_sndlib(14n/42a), norway_sndlib(27n/102a), pdh_sndlib(11n/68a), polska_sndlib(12n/36a), ta1_sndlib(24n/102a), zib54_sndlib(54n/160a); k=3; metric=weighted
[GraphSeqRoutingEnv] 17 topologies: atlanta_sndlib(15n/44a), cost266_sndlib(37n/114a), dfn-bwin_sndlib(10n/90a), dfn-gwin_sndlib(11n/94a), di-yuan_sndlib(11n/84a), france_sndlib(25n/90a), india35_sndlib(35n/160a), janos-us_sndlib(26n/84a), newyork_sndlib(16n/98a), nobel-eu_sndlib(28n/82a), nobel-germany_sndlib(17n/52a), nobel-us_sndlib(14n/42a), norway_sndlib(27n/102a), pdh_sndlib(11n/68a), polska_sndlib(12n/36a), ta1_sndlib(24n/102a), zib54_sndlib(54n/160a); k=3; metric=weighted
[GraphSeqRoutingEnv] 17 topologies: atlanta_sndlib(15n/44a), cost266_sndlib(37n/114a), dfn-bwin_sndlib(10n/90a), dfn-gwin_sndlib(11n/94a), di-yuan_sndlib(11n/84a), france_sndlib(25n/90a), india35_sndlib(35n/160a), janos-us_sndlib(26n/84a), newyork_sndlib(16n/98a), nobel-eu_sndlib(28n/82a), nobel-germany_sndlib(17n/52a), nobel-us_sndlib(14n/42a), norway_sndlib(27n/102a), pdh_sndlib(11n/68a), polska_sndlib(12n/36a), ta1_sndlib(24n/102a), zib54_sndlib(54n/160a); k=3; metric=weighted
[GraphSeqRoutingEnv] 17 topologies: atlanta_sndlib(15n/44a), cost266_sndlib(37n/114a), dfn-bwin_sndlib(10n/90a), dfn-gwin_sndlib(11n/94a), di-yuan_sndlib(11n/84a), france_sndlib(25n/90a), india35_sndlib(35n/160a), janos-us_sndlib(26n/84a), newyork_sndlib(16n/98a), nobel-eu_sndlib(28n/82a), nobel-germany_sndlib(17n/52a), nobel-us_sndlib(14n/42a), norway_sndlib(27n/102a), pdh_sndlib(11n/68a), polska_sndlib(12n/36a), ta1_sndlib(24n/102a), zib54_sndlib(54n/160a); k=3; metric=weighted
[GraphSeqRoutingEnv] 17 topologies: atlanta_sndlib(15n/44a), cost266_sndlib(37n/114a), dfn-bwin_sndlib(10n/90a), dfn-gwin_sndlib(11n/94a), di-yuan_sndlib(11n/84a), france_sndlib(25n/90a), india35_sndlib(35n/160a), janos-us_sndlib(26n/84a), newyork_sndlib(16n/98a), nobel-eu_sndlib(28n/82a), nobel-germany_sndlib(17n/52a), nobel-us_sndlib(14n/42a), norway_sndlib(27n/102a), pdh_sndlib(11n/68a), polska_sndlib(12n/36a), ta1_sndlib(24n/102a), zib54_sndlib(54n/160a); k=3; metric=weighted
[GraphSeqRoutingEnv] 17 topologies: atlanta_sndlib(15n/44a), cost266_sndlib(37n/114a), dfn-bwin_sndlib(10n/90a), dfn-gwin_sndlib(11n/94a), di-yuan_sndlib(11n/84a), france_sndlib(25n/90a), india35_sndlib(35n/160a), janos-us_sndlib(26n/84a), newyork_sndlib(16n/98a), nobel-eu_sndlib(28n/82a), nobel-germany_sndlib(17n/52a), nobel-us_sndlib(14n/42a), norway_sndlib(27n/102a), pdh_sndlib(11n/68a), polska_sndlib(12n/36a), ta1_sndlib(24n/102a), zib54_sndlib(54n/160a); k=3; metric=weighted
[single] train 17 SNDlib (tmgen); zero-shot ['abilene_sndlib', 'geant_sndlib', 'germany50_sndlib']; seed=5 buffer=2048 -> 732 updates
[TopoAgnosticGNNExtractor] k=3, hidden=64, rounds=3, out=64 (topology-agnostic)
[progress] 25000/1500000 (  1.7%) elapsed 6.2min eta 366.0min
[progress] 50000/1500000 (  3.3%) elapsed 12.4min eta 360.4min
[progress] 75000/1500000 (  5.0%) elapsed 18.6min eta 353.1min
[progress] 100000/1500000 (  6.7%) elapsed 24.7min eta 346.3min
[progress] 125000/1500000 (  8.3%) elapsed 31.4min eta 345.5min
[progress] 150000/1500000 ( 10.0%) elapsed 37.6min eta 338.8min
[progress] 175000/1500000 ( 11.7%) elapsed 43.9min eta 332.1min
[progress] 200000/1500000 ( 13.3%) elapsed 50.1min eta 325.4min
[progress] 225000/1500000 ( 15.0%) elapsed 56.3min eta 318.8min
[progress] 250000/1500000 ( 16.7%) elapsed 62.9min eta 314.6min
[progress] 275000/1500000 ( 18.3%) elapsed 69.1min eta 307.8min
[progress] 300000/1500000 ( 20.0%) elapsed 75.2min eta 300.7min
[progress] 325000/1500000 ( 21.7%) elapsed 81.2min eta 293.7min
[progress] 350000/1500000 ( 23.3%) elapsed 87.3min eta 286.8min
[progress] 375000/1500000 ( 25.0%) elapsed 93.8min eta 281.4min
[progress] 400000/1500000 ( 26.7%) elapsed 99.8min eta 274.6min
[progress] 425000/1500000 ( 28.3%) elapsed 105.9min eta 267.8min
[progress] 450000/1500000 ( 30.0%) elapsed 111.9min eta 261.1min
[progress] 475000/1500000 ( 31.7%) elapsed 117.9min eta 254.5min
[progress] 500000/1500000 ( 33.3%) elapsed 124.5min eta 248.9min
[progress] 525000/1500000 ( 35.0%) elapsed 130.5min eta 242.4min
[progress] 550000/1500000 ( 36.7%) elapsed 136.6min eta 235.9min
[progress] 575000/1500000 ( 38.3%) elapsed 142.6min eta 229.4min
[progress] 600000/1500000 ( 40.0%) elapsed 148.6min eta 222.9min
[progress] 625000/1500000 ( 41.7%) elapsed 155.1min eta 217.2min
[progress] 650000/1500000 ( 43.3%) elapsed 161.2min eta 210.8min
[progress] 675000/1500000 ( 45.0%) elapsed 167.2min eta 204.4min
[progress] 700000/1500000 ( 46.7%) elapsed 173.3min eta 198.0min
[progress] 725000/1500000 ( 48.3%) elapsed 179.8min eta 192.2min
[progress] 750000/1500000 ( 50.0%) elapsed 185.8min eta 185.8min
[progress] 775000/1500000 ( 51.7%) elapsed 191.8min eta 179.5min
[progress] 800000/1500000 ( 53.3%) elapsed 197.9min eta 173.2min
[progress] 825000/1500000 ( 55.0%) elapsed 203.9min eta 166.9min
[progress] 850000/1500000 ( 56.7%) elapsed 210.5min eta 160.9min
[progress] 875000/1500000 ( 58.3%) elapsed 216.5min eta 154.7min
[progress] 900000/1500000 ( 60.0%) elapsed 222.5min eta 148.4min
[progress] 925000/1500000 ( 61.7%) elapsed 228.6min eta 142.1min
[progress] 950000/1500000 ( 63.3%) elapsed 234.6min eta 135.8min
[progress] 975000/1500000 ( 65.0%) elapsed 241.1min eta 129.8min
[progress] 1000000/1500000 ( 66.7%) elapsed 247.1min eta 123.6min
[progress] 1025000/1500000 ( 68.3%) elapsed 253.2min eta 117.3min
[progress] 1050000/1500000 ( 70.0%) elapsed 259.2min eta 111.1min
[progress] 1075000/1500000 ( 71.7%) elapsed 265.3min eta 104.9min
[progress] 1100000/1500000 ( 73.3%) elapsed 271.8min eta 98.9min
[progress] 1125000/1500000 ( 75.0%) elapsed 277.9min eta 92.6min
[progress] 1150000/1500000 ( 76.7%) elapsed 284.0min eta 86.4min
[progress] 1175000/1500000 ( 78.3%) elapsed 290.1min eta 80.2min
[progress] 1200000/1500000 ( 80.0%) elapsed 296.2min eta 74.1min
[progress] 1225000/1500000 ( 81.7%) elapsed 302.8min eta 68.0min
[progress] 1250000/1500000 ( 83.3%) elapsed 308.9min eta 61.8min
[progress] 1275000/1500000 ( 85.0%) elapsed 315.0min eta 55.6min
[progress] 1300000/1500000 ( 86.7%) elapsed 321.0min eta 49.4min
[progress] 1325000/1500000 ( 88.3%) elapsed 327.1min eta 43.2min
[progress] 1350000/1500000 ( 90.0%) elapsed 333.7min eta 37.1min
[progress] 1375000/1500000 ( 91.7%) elapsed 339.8min eta 30.9min
[progress] 1400000/1500000 ( 93.3%) elapsed 345.9min eta 24.7min
[progress] 1425000/1500000 ( 95.0%) elapsed 352.0min eta 18.5min
[progress] 1450000/1500000 ( 96.7%) elapsed 358.5min eta 12.4min
[progress] 1475000/1500000 ( 98.3%) elapsed 364.6min eta 6.2min
[progress] 1500000/1500000 (100.0%) elapsed 370.6min eta 0.0min
[saved] results/single_singleH64gRM_seed5/policy.zip

[eval] ZERO-SHOT on core backbones (real measured):
[GraphSeqRoutingEnv] 1 topologies: abilene_sndlib(12n/30a); k=3; metric=weighted
[abilene_sndlib]
  [feasible] OSPF   57.2% ECMP   57.4% SINGLE   55.8%  vs-OSPF +1.5 vs-ECMP +1.6 (n=18)
[GraphSeqRoutingEnv] 1 topologies: geant_sndlib(22n/72a); k=3; metric=weighted
[geant_sndlib]
  [overload] OSPF  145.5% ECMP  106.3% SINGLE  124.8%  vs-OSPF +20.7 vs-ECMP -18.5 (n=8)
  [feasible] OSPF   71.2% ECMP   54.2% SINGLE   61.2%  vs-OSPF +10.0 vs-ECMP -7.0 (n=10)
[GraphSeqRoutingEnv] 1 topologies: germany50_sndlib(50n/176a); k=3; metric=weighted
[germany50_sndlib]
  [overload] OSPF  252.1% ECMP  183.8% SINGLE  144.5%  vs-OSPF +107.6 vs-ECMP +39.3 (n=18)

[saved] results/single_singleH64gRM_seed5/summary.json
