/home/uceedv1/thesis/ns3ai-venv/lib64/python3.9/site-packages/networkx/utils/backends.py:135: RuntimeWarning: networkx backend defined more than once: nx-loopback
  backends.update(_get_backends("networkx.backends"))
[GraphSeqRoutingEnv] 17 topologies: atlanta_sndlib(15n/44a), cost266_sndlib(37n/114a), dfn-bwin_sndlib(10n/90a), dfn-gwin_sndlib(11n/94a), di-yuan_sndlib(11n/84a), france_sndlib(25n/90a), india35_sndlib(35n/160a), janos-us_sndlib(26n/84a), newyork_sndlib(16n/98a), nobel-eu_sndlib(28n/82a), nobel-germany_sndlib(17n/52a), nobel-us_sndlib(14n/42a), norway_sndlib(27n/102a), pdh_sndlib(11n/68a), polska_sndlib(12n/36a), ta1_sndlib(24n/102a), zib54_sndlib(54n/160a); k=3; metric=weighted
[GraphSeqRoutingEnv] 17 topologies: atlanta_sndlib(15n/44a), cost266_sndlib(37n/114a), dfn-bwin_sndlib(10n/90a), dfn-gwin_sndlib(11n/94a), di-yuan_sndlib(11n/84a), france_sndlib(25n/90a), india35_sndlib(35n/160a), janos-us_sndlib(26n/84a), newyork_sndlib(16n/98a), nobel-eu_sndlib(28n/82a), nobel-germany_sndlib(17n/52a), nobel-us_sndlib(14n/42a), norway_sndlib(27n/102a), pdh_sndlib(11n/68a), polska_sndlib(12n/36a), ta1_sndlib(24n/102a), zib54_sndlib(54n/160a); k=3; metric=weighted
[GraphSeqRoutingEnv] 17 topologies: atlanta_sndlib(15n/44a), cost266_sndlib(37n/114a), dfn-bwin_sndlib(10n/90a), dfn-gwin_sndlib(11n/94a), di-yuan_sndlib(11n/84a), france_sndlib(25n/90a), india35_sndlib(35n/160a), janos-us_sndlib(26n/84a), newyork_sndlib(16n/98a), nobel-eu_sndlib(28n/82a), nobel-germany_sndlib(17n/52a), nobel-us_sndlib(14n/42a), norway_sndlib(27n/102a), pdh_sndlib(11n/68a), polska_sndlib(12n/36a), ta1_sndlib(24n/102a), zib54_sndlib(54n/160a); k=3; metric=weighted
[GraphSeqRoutingEnv] 17 topologies: atlanta_sndlib(15n/44a), cost266_sndlib(37n/114a), dfn-bwin_sndlib(10n/90a), dfn-gwin_sndlib(11n/94a), di-yuan_sndlib(11n/84a), france_sndlib(25n/90a), india35_sndlib(35n/160a), janos-us_sndlib(26n/84a), newyork_sndlib(16n/98a), nobel-eu_sndlib(28n/82a), nobel-germany_sndlib(17n/52a), nobel-us_sndlib(14n/42a), norway_sndlib(27n/102a), pdh_sndlib(11n/68a), polska_sndlib(12n/36a), ta1_sndlib(24n/102a), zib54_sndlib(54n/160a); k=3; metric=weighted
[GraphSeqRoutingEnv] 17 topologies: atlanta_sndlib(15n/44a), cost266_sndlib(37n/114a), dfn-bwin_sndlib(10n/90a), dfn-gwin_sndlib(11n/94a), di-yuan_sndlib(11n/84a), france_sndlib(25n/90a), india35_sndlib(35n/160a), janos-us_sndlib(26n/84a), newyork_sndlib(16n/98a), nobel-eu_sndlib(28n/82a), nobel-germany_sndlib(17n/52a), nobel-us_sndlib(14n/42a), norway_sndlib(27n/102a), pdh_sndlib(11n/68a), polska_sndlib(12n/36a), ta1_sndlib(24n/102a), zib54_sndlib(54n/160a); k=3; metric=weighted
[GraphSeqRoutingEnv] 17 topologies: atlanta_sndlib(15n/44a), cost266_sndlib(37n/114a), dfn-bwin_sndlib(10n/90a), dfn-gwin_sndlib(11n/94a), di-yuan_sndlib(11n/84a), france_sndlib(25n/90a), india35_sndlib(35n/160a), janos-us_sndlib(26n/84a), newyork_sndlib(16n/98a), nobel-eu_sndlib(28n/82a), nobel-germany_sndlib(17n/52a), nobel-us_sndlib(14n/42a), norway_sndlib(27n/102a), pdh_sndlib(11n/68a), polska_sndlib(12n/36a), ta1_sndlib(24n/102a), zib54_sndlib(54n/160a); k=3; metric=weighted
[GraphSeqRoutingEnv] 17 topologies: atlanta_sndlib(15n/44a), cost266_sndlib(37n/114a), dfn-bwin_sndlib(10n/90a), dfn-gwin_sndlib(11n/94a), di-yuan_sndlib(11n/84a), france_sndlib(25n/90a), india35_sndlib(35n/160a), janos-us_sndlib(26n/84a), newyork_sndlib(16n/98a), nobel-eu_sndlib(28n/82a), nobel-germany_sndlib(17n/52a), nobel-us_sndlib(14n/42a), norway_sndlib(27n/102a), pdh_sndlib(11n/68a), polska_sndlib(12n/36a), ta1_sndlib(24n/102a), zib54_sndlib(54n/160a); k=3; metric=weighted
[GraphSeqRoutingEnv] 17 topologies: atlanta_sndlib(15n/44a), cost266_sndlib(37n/114a), dfn-bwin_sndlib(10n/90a), dfn-gwin_sndlib(11n/94a), di-yuan_sndlib(11n/84a), france_sndlib(25n/90a), india35_sndlib(35n/160a), janos-us_sndlib(26n/84a), newyork_sndlib(16n/98a), nobel-eu_sndlib(28n/82a), nobel-germany_sndlib(17n/52a), nobel-us_sndlib(14n/42a), norway_sndlib(27n/102a), pdh_sndlib(11n/68a), polska_sndlib(12n/36a), ta1_sndlib(24n/102a), zib54_sndlib(54n/160a); k=3; metric=weighted
[single] train 17 SNDlib (tmgen); zero-shot ['abilene_sndlib', 'geant_sndlib', 'germany50_sndlib']; seed=8 buffer=2048 -> 732 updates
[TopoAgnosticGNNExtractor] k=3, hidden=64, rounds=3, out=64 (topology-agnostic)
[progress] 25000/1500000 (  1.7%) elapsed 7.6min eta 449.3min
[progress] 50000/1500000 (  3.3%) elapsed 14.9min eta 430.8min
[progress] 75000/1500000 (  5.0%) elapsed 22.1min eta 419.9min
[progress] 100000/1500000 (  6.7%) elapsed 29.1min eta 407.5min
[progress] 125000/1500000 (  8.3%) elapsed 36.9min eta 405.6min
[progress] 150000/1500000 ( 10.0%) elapsed 44.0min eta 395.7min
[progress] 175000/1500000 ( 11.7%) elapsed 51.1min eta 386.7min
[progress] 200000/1500000 ( 13.3%) elapsed 57.7min eta 375.1min
[progress] 225000/1500000 ( 15.0%) elapsed 64.3min eta 364.4min
[progress] 250000/1500000 ( 16.7%) elapsed 71.4min eta 357.1min
[progress] 275000/1500000 ( 18.3%) elapsed 78.0min eta 347.5min
[progress] 300000/1500000 ( 20.0%) elapsed 84.6min eta 338.4min
[progress] 325000/1500000 ( 21.7%) elapsed 91.2min eta 329.6min
[progress] 350000/1500000 ( 23.3%) elapsed 97.8min eta 321.2min
[progress] 375000/1500000 ( 25.0%) elapsed 104.9min eta 314.8min
[progress] 400000/1500000 ( 26.7%) elapsed 111.6min eta 307.0min
[progress] 425000/1500000 ( 28.3%) elapsed 118.2min eta 298.9min
[progress] 450000/1500000 ( 30.0%) elapsed 124.7min eta 291.0min
[progress] 475000/1500000 ( 31.7%) elapsed 131.3min eta 283.4min
[progress] 500000/1500000 ( 33.3%) elapsed 138.4min eta 276.8min
[progress] 525000/1500000 ( 35.0%) elapsed 145.0min eta 269.3min
[progress] 550000/1500000 ( 36.7%) elapsed 151.6min eta 261.8min
[progress] 575000/1500000 ( 38.3%) elapsed 158.1min eta 254.3min
[progress] 600000/1500000 ( 40.0%) elapsed 164.6min eta 246.9min
[progress] 625000/1500000 ( 41.7%) elapsed 171.5min eta 240.1min
[progress] 650000/1500000 ( 43.3%) elapsed 177.9min eta 232.7min
[progress] 675000/1500000 ( 45.0%) elapsed 184.4min eta 225.3min
[progress] 700000/1500000 ( 46.7%) elapsed 190.8min eta 218.1min
[progress] 725000/1500000 ( 48.3%) elapsed 197.9min eta 211.6min
[progress] 750000/1500000 ( 50.0%) elapsed 204.5min eta 204.5min
[progress] 775000/1500000 ( 51.7%) elapsed 211.0min eta 197.4min
[progress] 800000/1500000 ( 53.3%) elapsed 217.6min eta 190.4min
[progress] 825000/1500000 ( 55.0%) elapsed 224.1min eta 183.4min
[progress] 850000/1500000 ( 56.7%) elapsed 231.2min eta 176.8min
[progress] 875000/1500000 ( 58.3%) elapsed 237.8min eta 169.8min
[progress] 900000/1500000 ( 60.0%) elapsed 244.3min eta 162.9min
[progress] 925000/1500000 ( 61.7%) elapsed 250.9min eta 155.9min
[progress] 950000/1500000 ( 63.3%) elapsed 257.4min eta 149.0min
[progress] 975000/1500000 ( 65.0%) elapsed 264.5min eta 142.4min
[progress] 1000000/1500000 ( 66.7%) elapsed 271.1min eta 135.5min
[progress] 1025000/1500000 ( 68.3%) elapsed 277.6min eta 128.6min
[progress] 1050000/1500000 ( 70.0%) elapsed 284.2min eta 121.8min
[progress] 1075000/1500000 ( 71.7%) elapsed 290.7min eta 114.9min
[progress] 1100000/1500000 ( 73.3%) elapsed 297.8min eta 108.3min
[progress] 1125000/1500000 ( 75.0%) elapsed 304.3min eta 101.4min
[progress] 1150000/1500000 ( 76.7%) elapsed 310.9min eta 94.6min
[progress] 1175000/1500000 ( 78.3%) elapsed 317.5min eta 87.8min
[progress] 1200000/1500000 ( 80.0%) elapsed 324.0min eta 81.0min
[progress] 1225000/1500000 ( 81.7%) elapsed 331.0min eta 74.3min
[progress] 1250000/1500000 ( 83.3%) elapsed 337.5min eta 67.5min
[progress] 1275000/1500000 ( 85.0%) elapsed 344.0min eta 60.7min
[progress] 1300000/1500000 ( 86.7%) elapsed 350.6min eta 53.9min
[progress] 1325000/1500000 ( 88.3%) elapsed 357.1min eta 47.2min
[progress] 1350000/1500000 ( 90.0%) elapsed 364.2min eta 40.5min
[progress] 1375000/1500000 ( 91.7%) elapsed 370.7min eta 33.7min
[progress] 1400000/1500000 ( 93.3%) elapsed 377.2min eta 26.9min
[progress] 1425000/1500000 ( 95.0%) elapsed 383.8min eta 20.2min
[progress] 1450000/1500000 ( 96.7%) elapsed 390.8min eta 13.5min
[progress] 1475000/1500000 ( 98.3%) elapsed 397.3min eta 6.7min
[progress] 1500000/1500000 (100.0%) elapsed 403.5min eta 0.0min
[saved] results/single_singleH64gRM_seed8/policy.zip

[eval] ZERO-SHOT on core backbones (real measured):
[GraphSeqRoutingEnv] 1 topologies: abilene_sndlib(12n/30a); k=3; metric=weighted
[abilene_sndlib]
  [feasible] OSPF   57.2% ECMP   57.4% SINGLE   55.1%  vs-OSPF +2.2 vs-ECMP +2.3 (n=18)
[GraphSeqRoutingEnv] 1 topologies: geant_sndlib(22n/72a); k=3; metric=weighted
[geant_sndlib]
  [overload] OSPF  145.5% ECMP  106.3% SINGLE  112.5%  vs-OSPF +33.0 vs-ECMP -6.2 (n=8)
  [feasible] OSPF   71.2% ECMP   54.2% SINGLE   58.5%  vs-OSPF +12.8 vs-ECMP -4.2 (n=10)
[GraphSeqRoutingEnv] 1 topologies: germany50_sndlib(50n/176a); k=3; metric=weighted
[germany50_sndlib]
  [overload] OSPF  252.1% ECMP  183.8% SINGLE  144.4%  vs-OSPF +107.7 vs-ECMP +39.4 (n=18)

[saved] results/single_singleH64gRM_seed8/summary.json
